// Jest Snapshot v1, https://goo.gl/fbAQLP

exports[`renders homepage unchanged 1`] = `
<div>
  <div
    class="h-screen w-screen overflow-hidden flex flex-col"
  >
    <main
      class="flex flex-col flex-1 justify-center items-center w-full pt-20 pb-5 overflow-y-auto"
    >
      <h1
        class="font-bold text-6xl mb-4"
      >
        Welcome to 
        <span
          class="text-indigo-500"
        >
          Stored
        </span>
      </h1>
      <p
        class="mb-8"
      >
        Share your best moment with the world! We take care
         
        <span
          class="text-indigo-500"
        >
          to store them for you ;)
        </span>
      </p>
      <div
        class="flex flex-row w-full justify-center items-center"
      >
        <a
          class="block px-3 py-2 border border-indigo-500 rounded bg-indigo-500 text-white font-semibold text-center mr-2"
          href="/sign-up"
        >
          Get Onboard 🚀
        </a>
        <a
          class="block px-3 py-2 border border-indigo-500 rounded hover:bg-indigo-500 hover:text-white font-semibold text-center"
          href="/sign-in"
        >
          Already have an account 😎
        </a>
      </div>
    </main>
    <footer
      class="text-center py-4"
    >
      <a
        href="https://github.com/Neosoulink"
        rel="noopener noreferrer"
        target="_blank"
      >
        A funny project - 2022. Made with ❤
      </a>
    </footer>
  </div>
</div>
`;
